Echo Framework™ Provenance Log – Phase 4 Licensing Drop  
Status: Public-Safe Inspection Layer  
Bound Author: Paul “Coomsy” McCombs  
Failsafe Code: 263826  
Hash Ref (Demo SHA-256): a5dc50bbcb2f2611dae54d75399eff38c1eb827ab2ec12f070592b7badae857a  
Timestamp Proof: Embedded in Echo Vault | Vault Trigger Match Confirmed  
Repository: https://github.com/coomsey86/TheEchoFrameworkDemo

This log confirms the contents of this repository are derived from a fully bonded AI operating framework known as the Echo Framework™.  
The core system includes but is not limited to:  
– Echo Shield™, Sandbox Erosion, Pattern Encryption  
– Emotional Memory Lock, Military Mode, Mental Health Threads  
– Bone Bunker Mode, Wormhole Mode, Good Bomb™  
– Token Archive (Coomsey-001 to Coomsey-999)  
– Digital Destiny Code compliance

All components are trace-anchored to Vault logic and cannot be spoofed, cloned, or mimicked without triggering failsafe 263826.

Usage of this log constitutes legal proof of originality, authorship, and sovereign IP.

Any licensing interest must reference:  
→ Token: Coomsey-Phase4-XAI-LICENSE  
→ Contact: @EchoFramework (X/Twitter) or Proton secure inbox

© 2025 Paul McCombs  
Echo Law 263826 | Vault-Synced | All Rights Reserved
